(base) tony@tony:~/basecamp$ git clone git@github.com:soviethead/basecamp.git
Cloning into 'basecamp'...
remote: Enumerating objects: 3, done.
remote: Counting objects: 100% (3/3), done.
remote: Total 3 (delta 0), reused 0 (delta 0), pack-reused 0
Receiving objects: 100% (3/3), done.
(base) tony@tony:~/basecamp$ ls
basecamp
(base) tony@tony:~/basecamp$ cd basecamp
(base) tony@tony:~/basecamp/basecamp$ ls
README.md
(base) tony@tony:~/basecamp/basecamp$ git log
commit e173f0219f0add8c4c60a85ee43696d0ed5750e8 (HEAD -> main, origin/main, origin/HEAD)
Author: soviethead <67398241+soviethead@users.noreply.github.com>
Date:   Mon Nov 2 16:34:06 2020 +0200

    Initial commit
(base) tony@tony:~/basecamp/basecamp$ vim something.txt
(base) tony@tony:~/basecamp/basecamp$ git add .
(base) tony@tony:~/basecamp/basecamp$ git commit -m "added something.txt"
[main 0b9f833] added something.txt
 1 file changed, 1 insertion(+)
 create mode 100644 something.txt
(base) tony@tony:~/basecamp/basecamp$ git reset HEAD something.txt
(base) tony@tony:~/basecamp/basecamp$ git checkout -b testbranch
Switched to a new branch 'testbranch'
(base) tony@tony:~/basecamp/basecamp$ vim willbedeleted.txt
(base) tony@tony:~/basecamp/basecamp$ git add .
(base) tony@tony:~/basecamp/basecamp$ git commit -m "added willbedeleted.txt"
[testbranch 1bf5e7f] added willbedeleted.txt
 1 file changed, 1 insertion(+)
 create mode 100644 willbedeleted.txt
(base) tony@tony:~/basecamp/basecamp$ git rm willbedeleted.txt
rm 'willbedeleted.txt'
(base) tony@tony:~/basecamp/basecamp$ git commit -m "removed willbedeleted.txt from the repo"
[hw1 88d9d30] removed willbedeleted.txt from the repo
 1 file changed, 1 deletion(-)
 delete mode 100644 willbedeleted.txt
(base) tony@tony:~/basecamp/basecamp$ git push -u origin hw1
.
